// Jest Snapshot v1, https://goo.gl/fbAQLP

exports[`Categories renders correctly 1`] = `
<section>
  <CategoryPicker
    currentCategory=""
    onChange={[Function]}
  />
</section>
`;
