// Jest Snapshot v1, https://goo.gl/fbAQLP

exports[`Header renders correctly 1`] = `
<header
  className="header"
  role="banner"
>
  <h1
    className="header__logo"
  >
    <Logo />
    <span>
      VehicleHistory code test
    </span>
  </h1>
</header>
`;
