// Jest Snapshot v1, https://goo.gl/fbAQLP

exports[`Loader renders correctly 1`] = `
<div
  className="loader-wrapper"
>
  <div
    className="loader"
  >
    <div
      className="loader-inner"
    />
  </div>
</div>
`;
