// Jest Snapshot v1, https://goo.gl/fbAQLP

exports[`Pagination renders correctly 1`] = `
<div
  className="module"
>
  <ul
    className="pagination"
  >
    <li
      className="disabled"
      onClick={[Function]}
    >
      <a
        className=""
        href="#"
      >
        «
      </a>
    </li>
    <li
      className="disabled"
      onClick={[Function]}
    >
      <a
        className=""
        href="#"
      >
        ⟨
      </a>
    </li>
    <li
      className="active"
      onClick={[Function]}
    >
      <a
        className="undefined"
        href="#"
      >
        1
      </a>
    </li>
    <li
      className=""
      onClick={[Function]}
    >
      <a
        className=""
        href="#"
      >
        2
      </a>
    </li>
    <li
      className=""
      onClick={[Function]}
    >
      <a
        className=""
        href="#"
      >
        3
      </a>
    </li>
    <li
      className=""
      onClick={[Function]}
    >
      <a
        className=""
        href="#"
      >
        ⟩
      </a>
    </li>
    <li
      className=""
      onClick={[Function]}
    >
      <a
        className=""
        href="#"
      >
        »
      </a>
    </li>
  </ul>
</div>
`;
